# yaml-language-server: $schema=https://qunaxis.github.io/skenv/schemas/skenv.schema.json
# my manifest
user:
  # where skills live
  checkouts:
    skills:
      repo: me/skills   # the manifest repository
      checkout_dir: ~/src/skills

  # pinned third-party skills
  dependencies: {}
  machines:
    other-host:
      exclude: [beta]
